// Jest Snapshot v1, https://goo.gl/fbAQLP

exports[`renders correctly 1`] = `
.c0 {
  background-color: grey;
  width: 100%;
  height: 17vh;
  margin-top: 1vh;
  background-image: linear-gradient(to right,#1d5a94,#23975e);
  display: -webkit-box;
  display: -webkit-flex;
  display: -ms-flexbox;
  display: flex;
}

.c0 > div.pageTitle {
  margin: auto;
  color: white;
  font-size: 3vw;
  font-weight: 600;
}

<div
  className="c0"
>
  <div
    className="pageTitle"
  >
    This is a test title
  </div>
</div>
`;
