// Jest Snapshot v1, https://goo.gl/fbAQLP

exports[`renders correctly 1`] = `
.c0 {
  height: auto;
  min-height: 40vh;
  margin: 1vw;
}

<div
  className="c0"
/>
`;
